OK: inserido 40
Árvore:
└── 40
OK: inserido 20
Árvore:
└── 40
    └── 20
OK: inserido 60
Árvore:
└── 40
    ├── 20
    └── 60
Ignorado: duplicado 20
Árvore:
└── 40
    ├── 20
    └── 60
Ignorado: inexistente 999
Árvore:
└── 40
    ├── 20
    └── 60
OK: removido 40
Árvore:
└── 60
    └── 20
Em-Ordem: 20 60
Encerrado.