OK: inserido 50
Árvore:
└── 50
OK: inserido 30
Árvore:
└── 50
    └── 30
OK: inserido 70
Árvore:
└── 50
    ├── 30
    └── 70
OK: inserido 65
Árvore:
└── 50
    ├── 30
    └── 70
        └── 65
Caminho: 50 70 65
Encontrado: sim
Caminho: 50 30
Encontrado: não
Encerrado.